// Jest Snapshot v1, https://goo.gl/fbAQLP

exports[`renders Home component 1`] = `
<div
  className="sc-bdVaJa dvqYlX"
  width={300}
>
  <div
    className="sc-bwzfXH phNPS"
  >
    New Releases
  </div>
</div>
`;
